// Vitest Snapshot v1, https://vitest.dev/guide/snapshot.html

exports[`ResourceDetail > matches snapshot 1`] = `
<DocumentFragment>
  <div
    class="MuiPaper-root MuiPaper-elevation MuiPaper-rounded MuiPaper-elevation1 MuiCard-root Card card css-ybsrxv-MuiPaper-root-MuiCard-root"
    style="--Paper-shadow: 0px 2px 1px -1px rgba(0,0,0,0.2),0px 1px 1px 0px rgba(0,0,0,0.14),0px 1px 3px 0px rgba(0,0,0,0.12);"
  >
    <div
      class="MuiCardContent-root card-body css-1lt5qva-MuiCardContent-root"
    >
      <h2
        class="card-title text-start"
      >
        <b />
      </h2>
      <p
        class="text-start"
      >
        <i />
      </p>
      <div />
    </div>
    <div
      class="MuiCardActions-root MuiCardActions-spacing css-1kdzw2s-MuiCardActions-root"
    >
      <button
        class="MuiButtonBase-root MuiButton-root MuiButton-text MuiButton-textPrimary MuiButton-sizeSmall MuiButton-textSizeSmall MuiButton-colorPrimary MuiButton-root MuiButton-text MuiButton-textPrimary MuiButton-sizeSmall MuiButton-textSizeSmall MuiButton-colorPrimary css-1ccsd5i-MuiButtonBase-root-MuiButton-root"
        tabindex="0"
        type="button"
      >
        Back to Resources
      </button>
    </div>
  </div>
</DocumentFragment>
`;
